le:///app/dist/index.js:154
  throw new Error("DATABASE_URL environment variable is not set");
Error: DATABASE_URL environment variable is not set
        ^
    at file:///app/dist/index.js:154:9
    at ModuleJob.run (node:internal/modules/esm/module_job:343:25)
    at async onImport.tracePromise.__proto__ (node:internal/modules/esm/loader:665:26)
npm warn config production Use `--omit=dev` instead.
> rest-express@1.0.0 start
> NODE_ENV=production node dist/index.js
file:///app/dist/index.js:154
  throw new Error("DATABASE_URL environment variable is not set");
        ^
Error: DATABASE_URL environment variable is not set
    at file:///app/dist/index.js:154:9
    at ModuleJob.run (node:internal/modules/esm/module_job:343:25)
    at async onImport.tracePromise.__proto__ (node:internal/modules/esm/loader:665:26)
    at async asyncRunEntryPointWithESMLoader (node:internal/modules/run_main:117:5)
Node.js v22.21.1
npm warn config production Use `--omit=dev` instead.
> rest-express@1.0.0 start
> NODE_ENV=production node dist/index.js
Node.js v22.21.1
file:///app/dist/index.js:154
  throw new Error("DATABASE_URL environment variable is not set");
        ^
Error: DATABASE_URL environment variable is not set
    at file:///app/dist/index.js:154:9
    at ModuleJob.run (node:internal/modules/esm/module_job:343:25)
    at async onImport.tracePromise.__proto__ (node:internal/modules/esm/loader:665:26)
    at async asyncRunEntryPointWithESMLoader (node:internal/modules/run_main:117:5)
npm warn config production Use `--omit=dev` instead.
> rest-express@1.0.0 start
> NODE_ENV=production node dist/index.js
file:///app/dist/index.js:154
  throw new Error("DATABASE_URL environment variable is not set");
        ^
Error: DATABASE_URL environment variable is not set
    at file:///app/dist/index.js:154:9
    at ModuleJob.run (node:internal/modules/esm/module_job:343:25)
    at async onImport.tracePromise.__proto__ (node:internal/modules/esm/loader:665:26)
    at async asyncRunEntryPointWithESMLoader (node:internal/modules/run_main:117:5)
Node.js v22.21.1
> rest-express@1.0.0 start
> NODE_ENV=production node dist/index.js
npm warn config production Use `--omit=dev` instead.
Node.js v22.21.1
  throw new Error("DATABASE_URL environment variable is not set");
        ^
Error: DATABASE_URL environment variable is not set
    at file:///app/dist/index.js:154:9
    at ModuleJob.run (node:internal/modules/esm/module_job:343:25)
file:///app/dist/index.js:154
    at async onImport.tracePromise.__proto__ (node:internal/modules/esm/loader:665:26)
    at async asyncRunEntryPointWithESMLoader (node:internal/modules/run_main:117:5)
npm warn config production Use `--omit=dev` instead.
> rest-express@1.0.0 start
> NODE_ENV=production node dist/index.js
file:///app/dist/index.js:154
  throw new Error("DATABASE_URL environment variable is not set");
        ^
Error: DATABASE_URL environment variable is not set
    at file:///app/dist/index.js:154:9
    at ModuleJob.run (node:internal/modules/esm/module_job:343:25)
    at async onImport.tracePromise.__proto__ (node:internal/modules/esm/loader:665:26)
Node.js v22.21.1
    at async asyncRunEntryPointWithESMLoader (node:internal/modules/run_main:117:5)
npm warn config production Use `--omit=dev` instead.